ERROR1: Todas las filas de la matriz deben tener la misma dimension