   3,00   2,00   1,00
   4,00   6,00   5,00
   7,00   8,00   9,00
   0,47  -0,33   0,13
  -0,03   0,67  -0,37
  -0,33  -0,33   0,33
   1,00   0,00   0,00
   0,00   1,00   0,00
   0,00   0,00   1,00