ERROR2: La operacion inversa() requiere una matriz cuadrada