ERROR4: La operacion producto() requiere coincidencia de filas y columnas